// Jest Snapshot v1, https://goo.gl/fbAQLP

exports[`ConstructorReducer: Начальное состояние 1`] = `"Начальное состояние"`;
