// Jest Snapshot v1, https://goo.gl/fbAQLP

exports[`IngredientsReducer: Начальное состояние 1`] = `"Начальное состояние"`;
