// Jest Snapshot v1, https://goo.gl/fbAQLP

exports[`ModalReducer: Начальное состояние 1`] = `"Начальное состояние"`;
