// Jest Snapshot v1, https://goo.gl/fbAQLP

exports[`OrderListReducer: Начальное состояние 1`] = `"Начальное состояние"`;
