// Jest Snapshot v1, https://goo.gl/fbAQLP

exports[`OrderReducer: Начальное состояние 1`] = `"Начальное состояние"`;
