// Jest Snapshot v1, https://goo.gl/fbAQLP

exports[`UserReducer: Начальное состояние 1`] = `"Начальное состояние"`;
